---
source: src/interpolate.rs
expression: grid
---
Grid {
    nodata: NaN,
    data: [[[5.172413793103448],
      [NaN],
      [NaN],
      [NaN],
      [NaN],
      [NaN],
      [NaN],
      [NaN],
      [NaN],
      [NaN]],
    
     [[NaN],
      [17.241379310344826],
      [NaN],
      [NaN],
      [NaN],
      [NaN],
      [NaN],
      [NaN],
      [NaN],
      [NaN]],
    
     [[NaN],
      [NaN],
      [27.58620689655172],
      [NaN],
      [NaN],
      [NaN],
      [NaN],
      [NaN],
      [NaN],
      [NaN]],
    
     [[NaN],
      [NaN],
      [NaN],
      [37.93103448275862],
      [NaN],
      [NaN],
      [NaN],
      [NaN],
      [NaN],
      [NaN]],
    
     [[NaN],
      [NaN],
      [NaN],
      [NaN],
      [48.275862068965516],
      [NaN],
      [NaN],
      [NaN],
      [NaN],
      [NaN]],
    
     [[NaN],
      [NaN],
      [NaN],
      [NaN],
      [NaN],
      [58.62068965517241],
      [NaN],
      [NaN],
      [NaN],
      [NaN]],
    
     [[NaN],
      [NaN],
      [NaN],
      [NaN],
      [NaN],
      [NaN],
      [68.9655172413793],
      [NaN],
      [NaN],
      [NaN]],
    
     [[NaN],
      [NaN],
      [NaN],
      [NaN],
      [NaN],
      [NaN],
      [NaN],
      [79.3103448275862],
      [NaN],
      [NaN]],
    
     [[NaN],
      [NaN],
      [NaN],
      [NaN],
      [NaN],
      [NaN],
      [NaN],
      [NaN],
      [89.6551724137931],
      [NaN]],
    
     [[NaN],
      [NaN],
      [NaN],
      [NaN],
      [NaN],
      [NaN],
      [NaN],
      [NaN],
      [NaN],
      [98.27586206896552]]], shape=[10, 10, 1], strides=[10, 1, 1], layout=Cc (0x5), const ndim=3,
    x: [[0.0, 1.1111111111111112, 2.2222222222222223, 3.3333333333333335, 4.444444444444445, 5.555555555555555, 6.666666666666667, 7.777777777777779, 8.88888888888889, 10.0],
     [0.0, 1.1111111111111112, 2.2222222222222223, 3.3333333333333335, 4.444444444444445, 5.555555555555555, 6.666666666666667, 7.777777777777779, 8.88888888888889, 10.0],
     [0.0, 1.1111111111111112, 2.2222222222222223, 3.3333333333333335, 4.444444444444445, 5.555555555555555, 6.666666666666667, 7.777777777777779, 8.88888888888889, 10.0],
     [0.0, 1.1111111111111112, 2.2222222222222223, 3.3333333333333335, 4.444444444444445, 5.555555555555555, 6.666666666666667, 7.777777777777779, 8.88888888888889, 10.0],
     [0.0, 1.1111111111111112, 2.2222222222222223, 3.3333333333333335, 4.444444444444445, 5.555555555555555, 6.666666666666667, 7.777777777777779, 8.88888888888889, 10.0],
     [0.0, 1.1111111111111112, 2.2222222222222223, 3.3333333333333335, 4.444444444444445, 5.555555555555555, 6.666666666666667, 7.777777777777779, 8.88888888888889, 10.0],
     [0.0, 1.1111111111111112, 2.2222222222222223, 3.3333333333333335, 4.444444444444445, 5.555555555555555, 6.666666666666667, 7.777777777777779, 8.88888888888889, 10.0],
     [0.0, 1.1111111111111112, 2.2222222222222223, 3.3333333333333335, 4.444444444444445, 5.555555555555555, 6.666666666666667, 7.777777777777779, 8.88888888888889, 10.0],
     [0.0, 1.1111111111111112, 2.2222222222222223, 3.3333333333333335, 4.444444444444445, 5.555555555555555, 6.666666666666667, 7.777777777777779, 8.88888888888889, 10.0],
     [0.0, 1.1111111111111112, 2.2222222222222223, 3.3333333333333335, 4.444444444444445, 5.555555555555555, 6.666666666666667, 7.777777777777779, 8.88888888888889, 10.0]], shape=[10, 10], strides=[10, 1], layout=Cc (0x5), const ndim=2,
    y: [[0.0, 0.0, 0.0, 0.0, 0.0, 0.0, 0.0, 0.0, 0.0, 0.0],
     [1.1111111111111112, 1.1111111111111112, 1.1111111111111112, 1.1111111111111112, 1.1111111111111112, 1.1111111111111112, 1.1111111111111112, 1.1111111111111112, 1.1111111111111112, 1.1111111111111112],
     [2.2222222222222223, 2.2222222222222223, 2.2222222222222223, 2.2222222222222223, 2.2222222222222223, 2.2222222222222223, 2.2222222222222223, 2.2222222222222223, 2.2222222222222223, 2.2222222222222223],
     [3.3333333333333335, 3.3333333333333335, 3.3333333333333335, 3.3333333333333335, 3.3333333333333335, 3.3333333333333335, 3.3333333333333335, 3.3333333333333335, 3.3333333333333335, 3.3333333333333335],
     [4.444444444444445, 4.444444444444445, 4.444444444444445, 4.444444444444445, 4.444444444444445, 4.444444444444445, 4.444444444444445, 4.444444444444445, 4.444444444444445, 4.444444444444445],
     [5.555555555555555, 5.555555555555555, 5.555555555555555, 5.555555555555555, 5.555555555555555, 5.555555555555555, 5.555555555555555, 5.555555555555555, 5.555555555555555, 5.555555555555555],
     [6.666666666666667, 6.666666666666667, 6.666666666666667, 6.666666666666667, 6.666666666666667, 6.666666666666667, 6.666666666666667, 6.666666666666667, 6.666666666666667, 6.666666666666667],
     [7.777777777777779, 7.777777777777779, 7.777777777777779, 7.777777777777779, 7.777777777777779, 7.777777777777779, 7.777777777777779, 7.777777777777779, 7.777777777777779, 7.777777777777779],
     [8.88888888888889, 8.88888888888889, 8.88888888888889, 8.88888888888889, 8.88888888888889, 8.88888888888889, 8.88888888888889, 8.88888888888889, 8.88888888888889, 8.88888888888889],
     [10.0, 10.0, 10.0, 10.0, 10.0, 10.0, 10.0, 10.0, 10.0, 10.0]], shape=[10, 10], strides=[10, 1], layout=Cc (0x5), const ndim=2,
}
